<!DOCTYPE html>
<html lang="en">
<head>
    <meta http-equiv="refresh" content="0;URL=../../pallet_democracy/trait.Approved.html">
    <title>Redirection</title>
</head>
<body>
    <p>Redirecting to <a href="../../pallet_democracy/trait.Approved.html">../../pallet_democracy/trait.Approved.html</a>...</p>
    <script>location.replace("../../pallet_democracy/trait.Approved.html" + location.search + location.hash);</script>
</body>
</html>